
Run     SWR     Gain    F/B     F/R     R-a     X-a     Eff.    %Res.   %Stp  H       W       

1-0     1.3141  13.07   0       0       55.741  -13.28  16649   0    	0    	850     360     
1       1.2806  13.07   0       0       55.379  -11.89  16654   0    	0.1  	850.85  360     
1       1.3038  13.07   0       0       55.737  -12.82  16657   0    	0.1  	850     360.36  
1-1                                                                           0       0       

2       1.1856  13.08   0       0       54.314  -7.763  16669   9.e-3	0.4  	853.4   360     
2       1.2741  13.07   0       0       55.727  -11.47  16681   0    	0.4  	850     361.44  
2-1                                                                           2       0       

2-2     37.4    13.54   0       0       20.562  188.56  17334   0.419	10   	1020    360     
2-3     180.04  11.28   0       0       16.228  378.58  15288   -2.01	10   	1224    360     
3       39.472  13.54   0       0       20.216  192.39  17334   0    	0.4  	1024.1  360     
3       37.531  13.55   0       0       20.754  189.85  17360   9.e-3	0.4  	1020    361.44  
3-1                                                                           0       2       

3-2     37.725  13.55   0       0       21.046  191.79  17398   9.e-3	0.5  	1020    363.6   
3-3     38.047  13.56   0       0       21.552  195.1   17463   9.e-3	0.5  	1020    367.24  
3-4     38.367  13.56   0       0       22.081  198.49  17527   0    	0.5  	1020    370.91  
4       40.402  13.56   0       0       21.74   202.41  17525   0    	0.4  	1024.1  370.91  
4       38.495  13.56   0       0       22.299  199.88  17553   0    	0.4  	1020    372.39  
4-1                                                                           0       0       

5       46.882  13.54   0       0       20.795  214.09  17509   -0.02	1.6  	1036.3  370.91  
5       38.871  13.57   0       0       22.975  204.1   17629   9.e-3	1.6  	1020    376.84  
5-1                                                                           -1.333  0.6667  

5-2     35.227  13.57   0       0       22.859  193.06  17550   9.e-3	0.5  	1013.2  372.14  
5-3     32.289  13.57   0       0       23.672  187.6   17570   0    	0.5  	1006.4  373.39  
6       34.546  13.57   0       0       23.199  192.53  17572   0    	0.5  	1011.5  373.39  
6       32.464  13.57   0       0       23.95   189.31  17603   0    	0.5  	1006.4  375.25  
6-1                                                                           0       0       

