
Run     SWR     Gain    F/B     F/R     R-a     X-a     Eff.    %Res.   %Stp  Xd      Yd      

1-0     21.073  12.14   1.65    1.65    384.93  -505.8  8324    0    	0    	1.3088  1.1628  
1       21.074  12.14   1.64    1.64    379.85  -504.3  8325    -7e-4	0.1  	1.3101  1.1628  
1       21.076  12.14   1.65    1.65    381.24  -504.8  8324    -2e-3	0.1  	1.3088  1.164   
1-1                                                                           -0.552  -1.448  

1-2     15.734  12.01   2.39    2.39    416.18  391.17  8390    2.867	10   	1.2366  0.9944  
1-3     6.3878  11.49   3.27    3.27    87.308  135.82  8502    4.603	10   	1.1684  0.8504  
1-4     1.3593  10.75   3.48    3.48    49.388  15.301  8570    1.927	10   	1.1039  0.7272  
1-5     3.1378  10.08   2.89    2.89    43.133  -55.62  8571    -1.51	10   	1.043   0.6219  
2       3.1092  10.09   2.9     2.9     43.128  -55.12  8571    0.024	0.1  	1.0441  0.6219  
2       3.1263  10.08   2.9     2.9     43.138  -55.43  8571    6.e-3	0.1  	1.043   0.6225  
2-1                                                                           1.6035  0.3965  

2-2     2.0088  10.47   3.06    3.06    43.482  -32.54  8577    0.931	2.5  	1.0848  0.6281  
2-3     1.1751  10.86   3.18    3.18    45.174  -5.972  8573    0.777	2.5  	1.1283  0.6343  
2-4     1.6737  11.24   3.26    3.26    49.107  25.788  8557    0.095	2.5  	1.1736  0.6406  
2-5     3.2081  11.56   3.26    3.26    57.153  65.513  8527    -0.48	2.5  	1.2206  0.6469  
3       1.6998  11.25   3.26    3.26    49.236  26.621  8556    -4e-3	0.1  	1.1747  0.6406  
3       1.6814  11.24   3.26    3.26    49.16   26.04   8557    -4e-3	0.1  	1.1736  0.6412  
3-1                                                                           -1.024  -0.976  

3-2     1.6316  11.23   3.25    3.25    48.882  24.421  8558    0.012	0.125	1.172   0.6398  
3-3     1.5907  11.22   3.25    3.25    48.663  23.065  8559    0.012	0.125	1.1705  0.639   
3-4     1.551   11.2    3.24    3.24    48.45   21.72   8559    2.e-3	0.125	1.169   0.6382  
3-5     1.5123  11.19   3.24    3.24    48.242  20.384  8560    0.01 	0.125	1.1676  0.6375  
3-6     1.4747  11.18   3.24    3.24    48.04   19.059  8561    1.e-2	0.125	1.1661  0.6367  
3-7     1.4383  11.17   3.24    3.24    47.843  17.744  8562    9.e-3	0.125	1.1646  0.6359  
3-8     1.403   11.15   3.23    3.23    47.652  16.439  8562    -4e-4	0.125	1.1631  0.6351  
4       1.4243  11.16   3.23    3.23    47.757  17.227  8562    -2e-3	0.1  	1.1642  0.6351  
4       1.4093  11.15   3.23    3.23    47.697  16.679  8562    -3e-3	0.1  	1.1631  0.6358  
4-1                                                                           -0.681  -1.319  

4-2     1.3749  11.14   3.22    3.22    47.49   15.376  8563    5.e-3	0.125	1.1621  0.6341  
4-3     1.3476  11.14   3.23    3.23    47.332  14.32   8563    0.014	0.125	1.1611  0.633   
4-4     1.3211  11.13   3.22    3.22    47.177  13.27   8564    4.e-3	0.125	1.1601  0.632   
4-5     1.2953  11.12   3.21    3.21    47.026  12.225  8564    4.e-3	0.125	1.1591  0.6309  
4-6     1.2704  11.11   3.21    3.21    46.878  11.188  8565    3.e-3	0.125	1.1581  0.6299  
4-7     1.2464  11.1    3.2     3.2     46.733  10.156  8565    3.e-3	0.125	1.1571  0.6289  
4-8     1.2233  11.09   3.2     3.2     46.592  9.1306  8566    3.e-3	0.125	1.1562  0.6278  
4-9     1.2013  11.08   3.19    3.19    46.453  8.111   8566    2.e-3	0.125	1.1552  0.6268  
4-10    1.1805  11.07   3.18    3.18    46.318  7.0975  8567    1.e-3	0.125	1.1542  0.6258  
4-11    1.1611  11.06   3.18    3.18    46.185  6.0889  8567    7.e-4	0.125	1.1532  0.6247  
4-12    1.1434  11.05   3.17    3.17    46.056  5.0869  8568    -2e-4	0.125	1.1522  0.6237  
5       1.1566  11.06   3.17    3.17    46.137  5.8278  8567    2.e-3	0.1  	1.1534  0.6237  
5       1.1471  11.06   3.18    3.18    46.092  5.3114  8568    7.e-3	0.1  	1.1522  0.6243  
5-1                                                                           0.5116  1.4884  

5-2     1.1472  11.06   3.18    3.18    46.086  5.3094  8568    7.e-3	0.031	1.1524  0.624   
5-3     1.151   11.06   3.18    3.18    46.116  5.532   8568    -2e-3	0.031	1.1526  0.6243  
6       1.1552  11.06   3.18    3.18    46.141  5.7636  8567    -2e-3	0.031	1.153   0.6243  
6       1.1522  11.06   3.18    3.18    46.127  5.6023  8568    -6e-4	0.031	1.1526  0.6245  
6-1                                                                           -1.554  -0.446  

6-2     1.1493  11.06   3.18    3.18    46.104  5.4341  8568    9.e-4	8.e-3	1.1525  0.6243  
