 ***** DATA CARD NO.  5   RP   0   181 1  1003 0 0  1.0  0.0                                                 - - - RADIATION PATTERNS - - -

  - - ANGLES - -           - POWER GAINS -       - - - POLARIZATION - - -    - - - E(THETA) - - -    - - - E(PHI) - - -
  THETA     PHI        VERT.   HOR.    TOTAL      AXIAL     TILT   SENSE     MAGNITUDE    PHASE      MAGNITUDE    PHASE 
 DEGREES  DEGREES       DB      DB      DB        RATIO     DEG.              VOLTS/M    DEGREES      VOLTS/M    DEGREES
    0.00     0.00    -999.00 -999.00    -inf        inf     0.00 Linear     0.00000e+00     0.00    0.00000e+00     0.00
    1.00     0.00    -117.15 -999.00 -117.15    0.00000     0.00 LHCP       1.38835e-06    91.35    0.00000e+00     0.00
    2.00     0.00    -111.13 -999.00 -111.13    0.00000     0.00 LHCP       2.77636e-06    91.35    0.00000e+00     0.00
    3.00     0.00    -107.61 -999.00 -107.61    0.00000     0.00 LHCP       4.16372e-06    91.35    0.00000e+00     0.00
    4.00     0.00    -105.11 -999.00 -105.11    0.00000     0.00 LHCP       5.55010e-06    91.35    0.00000e+00     0.00
    5.00     0.00    -103.18 -999.00 -103.18    0.00000     0.00 LHCP       6.93516e-06    91.34    0.00000e+00     0.00
    6.00     0.00    -101.60 -999.00 -101.60    0.00000     0.00 LHCP       8.31857e-06    91.34    0.00000e+00     0.00
    7.00     0.00    -100.26 -999.00 -100.26    0.00000     0.00 LHCP       9.70000e-06    91.34    0.00000e+00     0.00
    8.00     0.00     -99.11 -999.00  -99.11    0.00000     0.00 LHCP       1.10791e-05    91.33    0.00000e+00     0.00
    9.00     0.00     -98.09 -999.00  -98.09    0.00000     0.00 LHCP       1.24556e-05    91.33    0.00000e+00     0.00
   10.00     0.00     -97.18 -999.00  -97.18    0.00000     0.00 LHCP       1.38290e-05    91.33    0.00000e+00     0.00
   11.00     0.00     -96.36 -999.00  -96.36    0.00000     0.00 LHCP       1.51992e-05    91.32    0.00000e+00     0.00
   12.00     0.00     -95.62 -999.00  -95.62    0.00000     0.00 LHCP       1.65656e-05    91.31    0.00000e+00     0.00
   13.00     0.00     -94.93 -999.00  -94.93    0.00000     0.00 LHCP       1.79280e-05    91.31    0.00000e+00     0.00
   14.00     0.00     -94.30 -999.00  -94.30    0.00000     0.00 LHCP       1.92860e-05    91.30    0.00000e+00     0.00
   15.00     0.00     -93.71 -999.00  -93.71    0.00000     0.00 LHCP       2.06393e-05    91.29    0.00000e+00     0.00
   16.00     0.00     -93.16 -999.00  -93.16    0.00000     0.00 LHCP       2.19874e-05    91.28    0.00000e+00     0.00
   17.00     0.00     -92.64 -999.00  -92.64    0.00000     0.00 LHCP       2.33301e-05    91.27    0.00000e+00     0.00
   18.00     0.00     -92.16 -999.00  -92.16    0.00000     0.00 LHCP       2.46669e-05    91.26    0.00000e+00     0.00
   19.00     0.00     -91.70 -999.00  -91.70    0.00000     0.00 LHCP       2.59974e-05    91.25    0.00000e+00     0.00
   20.00     0.00     -91.27 -999.00  -91.27    0.00000     0.00 LHCP       2.73213e-05    91.24    0.00000e+00     0.00
   21.00     0.00     -90.86 -999.00  -90.86    0.00000     0.00 LHCP       2.86382e-05    91.22    0.00000e+00     0.00
   22.00     0.00     -90.47 -999.00  -90.47    0.00000     0.00 LHCP       2.99476e-05    91.21    0.00000e+00     0.00
   23.00     0.00     -90.10 -999.00  -90.10    0.00000     0.00 LHCP       3.12492e-05    91.19    0.00000e+00     0.00
   24.00     0.00     -89.75 -999.00  -89.75    0.00000     0.00 LHCP       3.25426e-05    91.18    0.00000e+00     0.00
   25.00     0.00     -89.41 -999.00  -89.41    0.00000     0.00 LHCP       3.38272e-05    91.16    0.00000e+00     0.00
   26.00     0.00     -89.09 -999.00  -89.09    0.00000     0.00 LHCP       3.51027e-05    91.14    0.00000e+00     0.00
   27.00     0.00     -88.79 -999.00  -88.79    0.00000     0.00 LHCP       3.63686e-05    91.12    0.00000e+00     0.00
   28.00     0.00     -88.49 -999.00  -88.49    0.00000     0.00 LHCP       3.76245e-05    91.10    0.00000e+00     0.00
   29.00     0.00     -88.21 -999.00  -88.21    0.00000     0.00 LHCP       3.88700e-05    91.08    0.00000e+00     0.00
   30.00     0.00     -87.94 -999.00  -87.94    0.00000     0.00 LHCP       4.01044e-05    91.05    0.00000e+00     0.00
   31.00     0.00     -87.68 -999.00  -87.68    0.00000     0.00 LHCP       4.13275e-05    91.03    0.00000e+00     0.00
   32.00     0.00     -87.42 -999.00  -87.42    0.00000     0.00 LHCP       4.25386e-05    91.00    0.00000e+00     0.00
   33.00     0.00     -87.18 -999.00  -87.18    0.00000     0.00 LHCP       4.37373e-05    90.97    0.00000e+00     0.00
   34.00     0.00     -86.95 -999.00  -86.95    0.00000     0.00 LHCP       4.49232e-05    90.94    0.00000e+00     0.00
   35.00     0.00     -86.73 -999.00  -86.73    0.00000     0.00 LHCP       4.60956e-05    90.91    0.00000e+00     0.00
   36.00     0.00     -86.51 -999.00  -86.51    0.00000     0.00 LHCP       4.72542e-05    90.88    0.00000e+00     0.00
   37.00     0.00     -86.30 -999.00  -86.30    0.00000     0.00 LHCP       4.83983e-05    90.85    0.00000e+00     0.00
   38.00     0.00     -86.10 -999.00  -86.10    0.00000     0.00 LHCP       4.95275e-05    90.82    0.00000e+00     0.00
   39.00     0.00     -85.91 -999.00  -85.91    0.00000     0.00 LHCP       5.06412e-05    90.78    0.00000e+00     0.00
   40.00     0.00     -85.72 -999.00  -85.72    0.00000     0.00 LHCP       5.17389e-05    90.75    0.00000e+00     0.00
   41.00     0.00     -85.54 -999.00  -85.54    0.00000     0.00 LHCP       5.28202e-05    90.71    0.00000e+00     0.00
   42.00     0.00     -85.37 -999.00  -85.37    0.00000     0.00 LHCP       5.38845e-05    90.67    0.00000e+00     0.00
   43.00     0.00     -85.20 -999.00  -85.20    0.00000     0.00 LHCP       5.49313e-05    90.63    0.00000e+00     0.00
   44.00     0.00     -85.04 -999.00  -85.04    0.00000     0.00 LHCP       5.59600e-05    90.60    0.00000e+00     0.00
   45.00     0.00     -84.89 -999.00  -84.89    0.00000     0.00 LHCP       5.69702e-05    90.56    0.00000e+00     0.00
   46.00     0.00     -84.74 -999.00  -84.74    0.00000     0.00 LHCP       5.79615e-05    90.52    0.00000e+00     0.00
   47.00     0.00     -84.59 -999.00  -84.59    0.00000     0.00 LHCP       5.89332e-05    90.48    0.00000e+00     0.00
   48.00     0.00     -84.45 -999.00  -84.45    0.00000     0.00 LHCP       5.98850e-05    90.44    0.00000e+00     0.00
   49.00     0.00     -84.32 -999.00  -84.32    0.00000     0.00 LHCP       6.08164e-05    90.40    0.00000e+00     0.00
   50.00     0.00     -84.19 -999.00  -84.19    0.00000     0.00 LHCP       6.17269e-05    90.36    0.00000e+00     0.00
   51.00     0.00     -84.07 -999.00  -84.07    0.00000     0.00 LHCP       6.26162e-05    90.32    0.00000e+00     0.00
   52.00     0.00     -83.95 -999.00  -83.95    0.00000     0.00 LHCP       6.34838e-05    90.28    0.00000e+00     0.00
   53.00     0.00     -83.83 -999.00  -83.83    0.00000     0.00 LHCP       6.43294e-05    90.24    0.00000e+00     0.00
   54.00     0.00     -83.72 -999.00  -83.72    0.00000     0.00 LHCP       6.51527e-05    90.20    0.00000e+00     0.00
   55.00     0.00     -83.62 -999.00  -83.62    0.00000     0.00 LHCP       6.59532e-05    90.17    0.00000e+00     0.00
   56.00     0.00     -83.51 -999.00  -83.51    0.00000     0.00 LHCP       6.67307e-05    90.13    0.00000e+00     0.00
   57.00     0.00     -83.42 -999.00  -83.42    0.00000     0.00 LHCP       6.74850e-05    90.10    0.00000e+00     0.00
   58.00     0.00     -83.32 -999.00  -83.32    0.00000     0.00 LHCP       6.82158e-05    90.07    0.00000e+00     0.00
   59.00     0.00     -83.23 -999.00  -83.23    0.00000     0.00 LHCP       6.89229e-05    90.04    0.00000e+00     0.00
   60.00     0.00     -83.15 -999.00  -83.15    0.00000     0.00 LHCP       6.96061e-05    90.01    0.00000e+00     0.00
   61.00     0.00     -83.07 -999.00  -83.07    0.00000     0.00 LHCP       7.02653e-05    89.98    0.00000e+00     0.00
   62.00     0.00     -82.99 -999.00  -82.99    0.00000     0.00 LHCP       7.09004e-05    89.96    0.00000e+00     0.00
   63.00     0.00     -82.91 -999.00  -82.91    0.00000     0.00 LHCP       7.15112e-05    89.94    0.00000e+00     0.00
   64.00     0.00     -82.84 -999.00  -82.84    0.00000     0.00 LHCP       7.20979e-05    89.92    0.00000e+00     0.00
   65.00     0.00     -82.77 -999.00  -82.77    0.00000     0.00 LHCP       7.26603e-05    89.90    0.00000e+00     0.00
   66.00     0.00     -82.71 -999.00  -82.71    0.00000     0.00 LHCP       7.31985e-05    89.89    0.00000e+00     0.00
   67.00     0.00     -82.65 -999.00  -82.65    0.00000     0.00 LHCP       7.37125e-05    89.88    0.00000e+00     0.00
   68.00     0.00     -82.59 -999.00  -82.59    0.00000     0.00 LHCP       7.42025e-05    89.87    0.00000e+00     0.00
   69.00     0.00     -82.54 -999.00  -82.54    0.00000     0.00 LHCP       7.46684e-05    89.87    0.00000e+00     0.00
   70.00     0.00     -82.49 -999.00  -82.49    0.00000     0.00 LHCP       7.51106e-05    89.87    0.00000e+00     0.00
   71.00     0.00     -82.44 -999.00  -82.44    0.00000     0.00 LHCP       7.55291e-05    89.87    0.00000e+00     0.00
   72.00     0.00     -82.39 -999.00  -82.39    0.00000     0.00 LHCP       7.59241e-05    89.88    0.00000e+00     0.00
   73.00     0.00     -82.35 -999.00  -82.35    0.00000     0.00 LHCP       7.62959e-05    89.89    0.00000e+00     0.00
   74.00     0.00     -82.31 -999.00  -82.31    0.00000     0.00 LHCP       7.66446e-05    89.91    0.00000e+00     0.00
   75.00     0.00     -82.27 -999.00  -82.27    0.00000     0.00 LHCP       7.69705e-05    89.93    0.00000e+00     0.00
   76.00     0.00     -82.24 -999.00  -82.24    0.00000     0.00 LHCP       7.72737e-05    89.95    0.00000e+00     0.00
   77.00     0.00     -82.21 -999.00  -82.21    0.00000     0.00 LHCP       7.75546e-05    89.99    0.00000e+00     0.00
   78.00     0.00     -82.18 -999.00  -82.18    0.00000     0.00 LHCP       7.78134e-05    90.02    0.00000e+00     0.00
   79.00     0.00     -82.15 -999.00  -82.15    0.00000     0.00 LHCP       7.80504e-05    90.07    0.00000e+00     0.00
   80.00     0.00     -82.13 -999.00  -82.13    0.00000     0.00 LHCP       7.82656e-05    90.12    0.00000e+00     0.00
   81.00     0.00     -82.11 -999.00  -82.11    0.00000     0.00 LHCP       7.84595e-05    90.18    0.00000e+00     0.00
   82.00     0.00     -82.09 -999.00  -82.09    0.00000     0.00 LHCP       7.86320e-05    90.26    0.00000e+00     0.00
   83.00     0.00     -82.07 -999.00  -82.07    0.00000     0.00 LHCP       7.87833e-05    90.35    0.00000e+00     0.00
   84.00     0.00     -82.06 -999.00  -82.06    0.00000     0.00 LHCP       7.89135e-05    90.47    0.00000e+00     0.00
   85.00     0.00     -82.05 -999.00  -82.05    0.00000     0.00 LHCP       7.90222e-05    90.63    0.00000e+00     0.00
   86.00     0.00     -82.04 -999.00  -82.04    0.00000     0.00 LHCP       7.91087e-05    90.85    0.00000e+00     0.00
   87.00     0.00     -82.03 -999.00  -82.03    0.00000     0.00 LHCP       7.91703e-05    91.20    0.00000e+00     0.00
   88.00     0.00     -82.03 -999.00  -82.03    0.00000     0.00 LHCP       7.91954e-05    91.87    0.00000e+00     0.00
   89.00     0.00     -82.04 -999.00  -82.04    0.00000     0.00 LHCP       7.90905e-05    93.83    0.00000e+00     0.00
   90.00     0.00    -347.83 -999.00 -347.83    0.00000     0.00 LHCP       4.05944e-18   180.00    0.00000e+00     0.00
   91.00     0.00     -82.04 -999.00  -82.04    0.00000     0.00 LHCP       7.90905e-05    86.17    0.00000e+00     0.00
   92.00     0.00     -82.03 -999.00  -82.03    0.00000     0.00 LHCP       7.91954e-05    88.13    0.00000e+00     0.00
   93.00     0.00     -82.03 -999.00  -82.03    0.00000     0.00 LHCP       7.91703e-05    88.80    0.00000e+00     0.00
   94.00     0.00     -82.04 -999.00  -82.04    0.00000     0.00 LHCP       7.91087e-05    89.15    0.00000e+00     0.00
   95.00     0.00     -82.05 -999.00  -82.05    0.00000     0.00 LHCP       7.90222e-05    89.37    0.00000e+00     0.00
   96.00     0.00     -82.06 -999.00  -82.06    0.00000     0.00 LHCP       7.89135e-05    89.53    0.00000e+00     0.00
   97.00     0.00     -82.07 -999.00  -82.07    0.00000     0.00 LHCP       7.87833e-05    89.65    0.00000e+00     0.00
   98.00     0.00     -82.09 -999.00  -82.09    0.00000     0.00 LHCP       7.86320e-05    89.74    0.00000e+00     0.00
   99.00     0.00     -82.11 -999.00  -82.11    0.00000     0.00 LHCP       7.84595e-05    89.82    0.00000e+00     0.00
  100.00     0.00     -82.13 -999.00  -82.13    0.00000     0.00 LHCP       7.82656e-05    89.88    0.00000e+00     0.00
  101.00     0.00     -82.15 -999.00  -82.15    0.00000     0.00 LHCP       7.80504e-05    89.93    0.00000e+00     0.00
  102.00     0.00     -82.18 -999.00  -82.18    0.00000     0.00 LHCP       7.78134e-05    89.98    0.00000e+00     0.00
  103.00     0.00     -82.21 -999.00  -82.21    0.00000     0.00 LHCP       7.75546e-05    90.01    0.00000e+00     0.00
  104.00     0.00     -82.24 -999.00  -82.24    0.00000     0.00 LHCP       7.72737e-05    90.05    0.00000e+00     0.00
  105.00     0.00     -82.27 -999.00  -82.27    0.00000     0.00 LHCP       7.69705e-05    90.07    0.00000e+00     0.00
  106.00     0.00     -82.31 -999.00  -82.31    0.00000     0.00 LHCP       7.66446e-05    90.09    0.00000e+00     0.00
  107.00     0.00     -82.35 -999.00  -82.35    0.00000     0.00 LHCP       7.62959e-05    90.11    0.00000e+00     0.00
  108.00     0.00     -82.39 -999.00  -82.39    0.00000     0.00 LHCP       7.59241e-05    90.12    0.00000e+00     0.00
  109.00     0.00     -82.44 -999.00  -82.44    0.00000     0.00 LHCP       7.55291e-05    90.13    0.00000e+00     0.00
  110.00     0.00     -82.49 -999.00  -82.49    0.00000     0.00 LHCP       7.51106e-05    90.13    0.00000e+00     0.00
  111.00     0.00     -82.54 -999.00  -82.54    0.00000     0.00 LHCP       7.46684e-05    90.13    0.00000e+00     0.00
  112.00     0.00     -82.59 -999.00  -82.59    0.00000     0.00 LHCP       7.42025e-05    90.13    0.00000e+00     0.00
  113.00     0.00     -82.65 -999.00  -82.65    0.00000     0.00 LHCP       7.37125e-05    90.12    0.00000e+00     0.00
  114.00     0.00     -82.71 -999.00  -82.71    0.00000     0.00 LHCP       7.31985e-05    90.11    0.00000e+00     0.00
  115.00     0.00     -82.77 -999.00  -82.77    0.00000     0.00 LHCP       7.26603e-05    90.10    0.00000e+00     0.00
  116.00     0.00     -82.84 -999.00  -82.84    0.00000     0.00 LHCP       7.20979e-05    90.08    0.00000e+00     0.00
  117.00     0.00     -82.91 -999.00  -82.91    0.00000     0.00 LHCP       7.15112e-05    90.06    0.00000e+00     0.00
  118.00     0.00     -82.99 -999.00  -82.99    0.00000     0.00 LHCP       7.09004e-05    90.04    0.00000e+00     0.00
  119.00     0.00     -83.07 -999.00  -83.07    0.00000     0.00 LHCP       7.02653e-05    90.02    0.00000e+00     0.00
  120.00     0.00     -83.15 -999.00  -83.15    0.00000     0.00 LHCP       6.96061e-05    89.99    0.00000e+00     0.00
  121.00     0.00     -83.23 -999.00  -83.23    0.00000     0.00 LHCP       6.89229e-05    89.96    0.00000e+00     0.00
  122.00     0.00     -83.32 -999.00  -83.32    0.00000     0.00 LHCP       6.82158e-05    89.93    0.00000e+00     0.00
  123.00     0.00     -83.42 -999.00  -83.42    0.00000     0.00 LHCP       6.74850e-05    89.90    0.00000e+00     0.00
  124.00     0.00     -83.51 -999.00  -83.51    0.00000     0.00 LHCP       6.67307e-05    89.87    0.00000e+00     0.00
  125.00     0.00     -83.62 -999.00  -83.62    0.00000     0.00 LHCP       6.59532e-05    89.83    0.00000e+00     0.00
  126.00     0.00     -83.72 -999.00  -83.72    0.00000     0.00 LHCP       6.51527e-05    89.80    0.00000e+00     0.00
  127.00     0.00     -83.83 -999.00  -83.83    0.00000     0.00 LHCP       6.43294e-05    89.76    0.00000e+00     0.00
  128.00     0.00     -83.95 -999.00  -83.95    0.00000     0.00 LHCP       6.34838e-05    89.72    0.00000e+00     0.00
  129.00     0.00     -84.07 -999.00  -84.07    0.00000     0.00 LHCP       6.26162e-05    89.68    0.00000e+00     0.00
  130.00     0.00     -84.19 -999.00  -84.19    0.00000     0.00 LHCP       6.17269e-05    89.64    0.00000e+00     0.00
  131.00     0.00     -84.32 -999.00  -84.32    0.00000     0.00 LHCP       6.08164e-05    89.60    0.00000e+00     0.00
  132.00     0.00     -84.45 -999.00  -84.45    0.00000     0.00 LHCP       5.98850e-05    89.56    0.00000e+00     0.00
  133.00     0.00     -84.59 -999.00  -84.59    0.00000     0.00 LHCP       5.89332e-05    89.52    0.00000e+00     0.00
  134.00     0.00     -84.74 -999.00  -84.74    0.00000     0.00 LHCP       5.79615e-05    89.48    0.00000e+00     0.00
  135.00     0.00     -84.89 -999.00  -84.89    0.00000     0.00 LHCP       5.69702e-05    89.44    0.00000e+00     0.00
  136.00     0.00     -85.04 -999.00  -85.04    0.00000     0.00 LHCP       5.59600e-05    89.40    0.00000e+00     0.00
  137.00     0.00     -85.20 -999.00  -85.20    0.00000     0.00 LHCP       5.49313e-05    89.37    0.00000e+00     0.00
  138.00     0.00     -85.37 -999.00  -85.37    0.00000     0.00 LHCP       5.38845e-05    89.33    0.00000e+00     0.00
  139.00     0.00     -85.54 -999.00  -85.54    0.00000     0.00 LHCP       5.28202e-05    89.29    0.00000e+00     0.00
  140.00     0.00     -85.72 -999.00  -85.72    0.00000     0.00 LHCP       5.17389e-05    89.25    0.00000e+00     0.00
  141.00     0.00     -85.91 -999.00  -85.91    0.00000     0.00 LHCP       5.06412e-05    89.22    0.00000e+00     0.00
  142.00     0.00     -86.10 -999.00  -86.10    0.00000     0.00 LHCP       4.95275e-05    89.18    0.00000e+00     0.00
  143.00     0.00     -86.30 -999.00  -86.30    0.00000     0.00 LHCP       4.83983e-05    89.15    0.00000e+00     0.00
  144.00     0.00     -86.51 -999.00  -86.51    0.00000     0.00 LHCP       4.72542e-05    89.12    0.00000e+00     0.00
  145.00     0.00     -86.73 -999.00  -86.73    0.00000     0.00 LHCP       4.60956e-05    89.09    0.00000e+00     0.00
  146.00     0.00     -86.95 -999.00  -86.95    0.00000     0.00 LHCP       4.49232e-05    89.06    0.00000e+00     0.00
  147.00     0.00     -87.18 -999.00  -87.18    0.00000     0.00 LHCP       4.37373e-05    89.03    0.00000e+00     0.00
  148.00     0.00     -87.42 -999.00  -87.42    0.00000     0.00 LHCP       4.25386e-05    89.00    0.00000e+00     0.00
  149.00     0.00     -87.68 -999.00  -87.68    0.00000     0.00 LHCP       4.13275e-05    88.97    0.00000e+00     0.00
  150.00     0.00     -87.94 -999.00  -87.94    0.00000     0.00 LHCP       4.01044e-05    88.95    0.00000e+00     0.00
  151.00     0.00     -88.21 -999.00  -88.21    0.00000     0.00 LHCP       3.88700e-05    88.92    0.00000e+00     0.00
  152.00     0.00     -88.49 -999.00  -88.49    0.00000     0.00 LHCP       3.76245e-05    88.90    0.00000e+00     0.00
  153.00     0.00     -88.79 -999.00  -88.79    0.00000     0.00 LHCP       3.63686e-05    88.88    0.00000e+00     0.00
  154.00     0.00     -89.09 -999.00  -89.09    0.00000     0.00 LHCP       3.51027e-05    88.86    0.00000e+00     0.00
  155.00     0.00     -89.41 -999.00  -89.41    0.00000     0.00 LHCP       3.38272e-05    88.84    0.00000e+00     0.00
  156.00     0.00     -89.75 -999.00  -89.75    0.00000     0.00 LHCP       3.25426e-05    88.82    0.00000e+00     0.00
  157.00     0.00     -90.10 -999.00  -90.10    0.00000     0.00 LHCP       3.12492e-05    88.81    0.00000e+00     0.00
  158.00     0.00     -90.47 -999.00  -90.47    0.00000     0.00 LHCP       2.99476e-05    88.79    0.00000e+00     0.00
  159.00     0.00     -90.86 -999.00  -90.86    0.00000     0.00 LHCP       2.86382e-05    88.78    0.00000e+00     0.00
  160.00     0.00     -91.27 -999.00  -91.27    0.00000     0.00 LHCP       2.73213e-05    88.76    0.00000e+00     0.00
  161.00     0.00     -91.70 -999.00  -91.70    0.00000     0.00 LHCP       2.59974e-05    88.75    0.00000e+00     0.00
  162.00     0.00     -92.16 -999.00  -92.16    0.00000     0.00 LHCP       2.46669e-05    88.74    0.00000e+00     0.00
  163.00     0.00     -92.64 -999.00  -92.64    0.00000     0.00 LHCP       2.33301e-05    88.73    0.00000e+00     0.00
  164.00     0.00     -93.16 -999.00  -93.16    0.00000     0.00 LHCP       2.19874e-05    88.72    0.00000e+00     0.00
  165.00     0.00     -93.71 -999.00  -93.71    0.00000     0.00 LHCP       2.06393e-05    88.71    0.00000e+00     0.00
  166.00     0.00     -94.30 -999.00  -94.30    0.00000     0.00 LHCP       1.92860e-05    88.70    0.00000e+00     0.00
  167.00     0.00     -94.93 -999.00  -94.93    0.00000     0.00 LHCP       1.79280e-05    88.69    0.00000e+00     0.00
  168.00     0.00     -95.62 -999.00  -95.62    0.00000     0.00 LHCP       1.65656e-05    88.69    0.00000e+00     0.00
  169.00     0.00     -96.36 -999.00  -96.36    0.00000     0.00 LHCP       1.51992e-05    88.68    0.00000e+00     0.00
  170.00     0.00     -97.18 -999.00  -97.18    0.00000     0.00 LHCP       1.38290e-05    88.67    0.00000e+00     0.00
  171.00     0.00     -98.09 -999.00  -98.09    0.00000     0.00 LHCP       1.24556e-05    88.67    0.00000e+00     0.00
  172.00     0.00     -99.11 -999.00  -99.11    0.00000     0.00 LHCP       1.10791e-05    88.67    0.00000e+00     0.00
  173.00     0.00    -100.26 -999.00 -100.26    0.00000     0.00 LHCP       9.70000e-06    88.66    0.00000e+00     0.00
  174.00     0.00    -101.60 -999.00 -101.60    0.00000     0.00 LHCP       8.31857e-06    88.66    0.00000e+00     0.00
  175.00     0.00    -103.18 -999.00 -103.18    0.00000     0.00 LHCP       6.93516e-06    88.66    0.00000e+00     0.00
  176.00     0.00    -105.11 -999.00 -105.11    0.00000     0.00 LHCP       5.55010e-06    88.65    0.00000e+00     0.00
  177.00     0.00    -107.61 -999.00 -107.61    0.00000     0.00 LHCP       4.16372e-06    88.65    0.00000e+00     0.00
  178.00     0.00    -111.13 -999.00 -111.13    0.00000     0.00 LHCP       2.77636e-06    88.65    0.00000e+00     0.00
  179.00     0.00    -117.15 -999.00 -117.15    0.00000     0.00 LHCP       1.38835e-06    88.65    0.00000e+00     0.00
  180.00     0.00    -400.23 -999.00 -400.23    0.00000     0.00 LHCP       9.74200e-21    88.65    0.00000e+00     0.00

 RUN TIME =   0
